###############################################################################
#
# IAR C/C++ Compiler V7.11.1.983/W32 for MSP430           22/Apr/2018  18:19:21
# Copyright 1996-2017 IAR Systems AB.
# Standalone license - IAR Embedded Workbench for Texas Instruments MSP430, 8K KickStart Edition 7.11
#
#    __rt_version  =  3
#    __double_size =  32
#    __reg_r4      =  free
#    __reg_r5      =  free
#    __pic         =  no
#    __core        =  430X
#    __data_model  =  small
#    __code_model  =  large
#    Source file   =  C:\Users\Stuart\Desktop\ECE 306\Project 10\led.c
#    Command line  =  
#        -f C:\Users\Stuart\AppData\Local\Temp\EW720A.tmp
#        ("C:\Users\Stuart\Desktop\ECE 306\Project 10\led.c" -lC
#        "C:\Users\Stuart\Desktop\ECE 306\Project 10\Debug\List" -o
#        "C:\Users\Stuart\Desktop\ECE 306\Project 10\Debug\Obj" --no_cse
#        --no_unroll --no_inline --no_code_motion --no_tbaa --debug
#        -D__MSP430FR5994__ -e --double=32 --dlib_config "C:\Program Files
#        (x86)\IAR Systems\Embedded Workbench 8.0\430\lib\dlib\dl430xlsfn.h"
#        --core=430X --data_model=small -On --multiplier=32
#        --hw_workaround=CPU40 --code_model=large)
#    Locale        =  English_USA.1252
#    List file     =  
#        C:\Users\Stuart\Desktop\ECE 306\Project 10\Debug\List\led.lst
#    Object file   =  
#        C:\Users\Stuart\Desktop\ECE 306\Project 10\Debug\Obj\led.r43
#
###############################################################################

C:\Users\Stuart\Desktop\ECE 306\Project 10\led.c
      1          #include "macros.h"
      2          #include  "msp430.h"

   \                                 In  segment DATA16_AN, at 0x202
   \   union <unnamed> _A_PAOUT_L
   \                     _A_PAOUT_L:
   \   000000                DS8 2
      3          #include  "functions.h"
      4          #include <string.h>
      5          

   \                                 In  segment CODE, align 2
      6          void Init_LEDs(void){
   \                     Init_LEDs:
      7          //------------------------------------------------------------------------------
      8          // LED Configurations
      9          //------------------------------------------------------------------------------
     10          // Turns off both LEDs
     11            P1OUT &= ~RED_LED;
   \   000000   D2C30202     BIC.B   #0x1, &0x202
     12            P1OUT &= ~GRN_LED;
   \   000004   E2C30202     BIC.B   #0x2, &0x202
     13          //------------------------------------------------------------------------------
     14          }
   \   000008   1001         RETA
   \   00000A                REQUIRE _A_PAOUT_L
     15          

   \                                 In  segment CODE, align 2
     16          void LEDs_ON(void){
   \                     LEDs_ON:
     17            P1OUT |= RED_LED;
   \   000000   D2D30202     BIS.B   #0x1, &0x202
     18            P1OUT |= GRN_LED;
   \   000004   E2D30202     BIS.B   #0x2, &0x202
     19          }
   \   000008   1001         RETA
   \   00000A                REQUIRE _A_PAOUT_L

   Maximum stack usage in bytes:

   CSTACK Function
   ------ --------
      4   Init_LEDs
      4   LEDs_ON


   Segment part sizes:

   Bytes  Function/Label
   -----  --------------
      10  Init_LEDs
      10  LEDs_ON
       2  _A_PAOUT_L

 
 20 bytes in segment CODE
  2 bytes in segment DATA16_AN
 
 20 bytes of CODE memory
  0 bytes of DATA memory (+ 2 bytes shared)

Errors: none
Warnings: none
