################################################################################
#                                                                              #
#      IAR Universal Linker V6.5.1.95                                          #
#                                                                              #
#           Link time     =  26/Feb/2018  10:59:29                             #
#           Target CPU    =  MSP430                                            #
#           List file     =  "C:\Users\Stuart\Desktop\ECE 306\Project 5\Debug\ #
#                            List\Project 05.map"                              #
#           Output file 1 =  "C:\Users\Stuart\Desktop\ECE 306\Project 5\Debug\ #
#                            Exe\Project 05.d43"                               #
#                            Format: ubrof10                                   #
#                            UBROF version 10.0.6                              #
#                            Using library modules for C-SPY (-rt)             #
#           Command line  =  -f                                                #
#                            C:\Users\Stuart\AppData\Local\Temp\EW1FED.tmp     #
#                            ("C:\Users\Stuart\Desktop\ECE 306\Project 5\Debug #
#                            \Obj\clocks.r43"                                  #
#                            "C:\Users\Stuart\Desktop\ECE 306\Project 5\Debug\ #
#                            Obj\init.r43"                                     #
#                            "C:\Users\Stuart\Desktop\ECE 306\Project 5\Debug\ #
#                            Obj\interrupts_ports.r43"                         #
#                            "C:\Users\Stuart\Desktop\ECE 306\Project 5\Debug\ #
#                            Obj\interrupts_timers.r43"                        #
#                            "C:\Users\Stuart\Desktop\ECE 306\Project 5\LCD.r4 #
#                            3"                                                #
#                            "C:\Users\Stuart\Desktop\ECE 306\Project 5\Debug\ #
#                            Obj\led.r43"                                      #
#                            "C:\Users\Stuart\Desktop\ECE 306\Project 5\Debug\ #
#                            Obj\main.r43"                                     #
#                            "C:\Users\Stuart\Desktop\ECE 306\Project 5\Debug\ #
#                            Obj\movement.r43"                                 #
#                            "C:\Users\Stuart\Desktop\ECE 306\Project 5\Debug\ #
#                            Obj\ports.r43"                                    #
#                            "C:\Users\Stuart\Desktop\ECE 306\Project 5\Debug\ #
#                            Obj\system.r43"                                   #
#                            "C:\Users\Stuart\Desktop\ECE 306\Project 5\Debug\ #
#                            Obj\timers.r43"                                   #
#                            -o                                                #
#                            "C:\Users\Stuart\Desktop\ECE 306\Project 5\Debug\ #
#                            Exe\Project 05.d43"                               #
#                            -l                                                #
#                            "C:\Users\Stuart\Desktop\ECE 306\Project 5\Debug\ #
#                            List\Project 05.map"                              #
#                            -xesni                                            #
#                            "-IC:\Program Files (x86)\IAR Systems\Embedded Wo #
#                            rkbench 8.0\430\LIB\"                             #
#                            -f                                                #
#                            "C:\Program Files (x86)\IAR Systems\Embedded Work #
#                            bench 8.0\430\config\linker\lnk430fr5994.xcl"     #
#                            (-cmsp430 -QCODE_I=CODE_ID -QTLS16_I=TLS16_ID     #
#                            -D__iar_HWMUL=4C0 -Z(CONST)INFO=1800-19FF         #
#                            -Z(CONST)INFOA=1980-19FF                          #
#                            -Z(CONST)INFOB=1900-197F                          #
#                            -Z(CONST)INFOC=1880-18FF                          #
#                            -Z(CONST)INFOD=1800-187F                          #
#                            -Z(DATA)TINYRAM=000A-001F                         #
#                            -Z(DATA)LEARAM=2C00-3AC7                          #
#                            -Z(DATA)LEASTACK=3AC8-3BFF                        #
#                            -Z(DATA)DATA16_I,DATA16_Z,DATA16_N,TLS16_I=1C00-2 #
#                            BFF                                               #
#                            -Z(DATA)CODE_I                                    #
#                            -Z(DATA)DATA20_I,DATA20_Z,DATA20_N                #
#                            -Z(DATA)CSTACK+_STACK_SIZE#                       #
#                            -Z(CONST)DATA16_P,DATA20_P=4000-FF7F              #
#                            -Z(DATA)DATA16_HEAP+_DATA16_HEAP_SIZE             #
#                            -Z(DATA)DATA20_HEAP+_DATA20_HEAP_SIZE             #
#                            -Z(CONST)MPU_B1 -Z(CONST)IPE_B1=4000-FF7F         #
#                            -Z(DATA)IPEDATA16_N -Z(CODE)IPECODE16             #
#                            -Z(CONST)IPEDATA16_C,IPE_B2 -Z(CONST)MPU_B2       #
#                            -Z(CONST)DATA16_C,DATA16_ID,TLS16_ID,DIFUNCT,CHEC #
#                            KSUM=4000-FF7F                                    #
#                            -Z(CODE)CSTART,ISR_CODE,CODE16=4000-FF7F          #
#                            -P(CODE)CODE=4000-FF7F,10000-43FFF                #
#                            -Z(CODE)CODE_PAD                                  #
#                            -Z(CONST)DATA20_C,DATA20_ID,CODE_ID=4000-FF7F,100 #
#                            40-43FFF                                          #
#                            -Z(CONST)JTAGSIGNATURE=FF80-FF83                  #
#                            -Z(CONST)BSLSIGNATURE=FF84-FF87                   #
#                            -Z(CONST)IPESIGNATURE=FF88-FF8F                   #
#                            -Z(CODE)INTVEC=FF90-FFFF                          #
#                            -Z(CODE)RESET=FFFE-FFFF) -f                       #
#                            "C:\Program Files (x86)\IAR Systems\Embedded Work #
#                            bench 8.0\430\config\linker\multiplier32.xcl"     #
#                            (-e?Mul8Hw=?Mul8 -e?Mul16Hw=?Mul16                #
#                            -e?Mul16to32uHw=?Mul16to32u                       #
#                            -e?Mul16to32sHw=?Mul16to32s -e?Mul32Hw32=?Mul32   #
#                            -e?Mul64Hw32=_Mul64i                              #
#                            -e?Mul32u32uto64iHw32=_Mul32u32uto64i             #
#                            -e?Mul32fHw32=_Mul32f                             #
#                            -e_Mul64fHw32Ptr=_Mul64fPtr) -D_STACK_SIZE=A0     #
#                            -rt                                               #
#                            "C:\Program Files (x86)\IAR Systems\Embedded Work #
#                            bench 8.0\430\lib\dlib\dl430xlsfn.r43"            #
#                            -e_PrintfLarge=_Printf -e_ScanfLarge=_Scanf       #
#                            -D_DATA16_HEAP_SIZE=A0 -s __program_start         #
#                            -D_DATA20_HEAP_SIZE=50)                           #
#                                                                              #
#                           Copyright (C) 1987-2016 IAR Systems AB.            #
################################################################################





                ****************************************
                *                                      *
                *           CROSS REFERENCE            *
                *                                      *
                ****************************************

       Program entry at :           4066  Relocatable, from module : ?cstart




                ****************************************
                *                                      *
                *            RUNTIME MODEL             *
                *                                      *
                ****************************************

  __Heap_Handler             = Basic
  __SystemLibrary            = DLib
  __code_model               = large
  __core                     = 430X
  __data_model               = small
  __dlib_file_descriptor     = 0
  __dlib_full_locale_support = 0
  __double_size              = 32
  __pic                      = no
  __reg_r4                   = free
  __reg_r5                   = free
  __rt_version               = 3

                ****************************************
                *                                      *
                *    AUTOMATIC SYMBOL REDIRECTIONS     *
                *                                      *
                ****************************************

                  There are no automatic symbol redirections.

                ****************************************
                *                                      *
                *              ENTRY LIST              *
                *                                      *
                ****************************************

Module  Entry                              Address
------  -----                              -------
?FILLER_BYTES
?ABS_ENTRY_MOD
        _DATA20_HEAP_SIZE                   0050
        _DATA16_HEAP_SIZE                   00A0
        _STACK_SIZE                         00A0
        __iar_HWMUL                         04C0
clocks ( C:\Users\Stuart\Desktop\ECE 306\Project 5\Debug\Obj\clocks.r43 )
        _A_CSCTL0_L                         0160
        _A_CSCTL1_L                         0162
        _A_CSCTL2_L                         0164
        _A_CSCTL3_L                         0166
        _A_CSCTL4_L                         0168
        _A_CSCTL5_L                         016A
        _A_SFRIFG1_L                        0102
        _A_WDTCTL_L                         015C
        Init_Clocks                         48B6
        ?setjmp_save_r4                     NOT NEEDED
        ?setjmp_save_r5                     NOT NEEDED
        CSCTL0                              0160
        CSCTL0_H                            0161
        CSCTL0_L                            0160
        CSCTL1                              0162
        CSCTL1_H                            0163
        CSCTL1_L                            0162
        CSCTL2                              0164
        CSCTL2_H                            0165
        CSCTL2_L                            0164
        CSCTL3                              0166
        CSCTL3_H                            0167
        CSCTL3_L                            0166
        CSCTL4                              0168
        CSCTL4_H                            0169
        CSCTL4_L                            0168
        CSCTL5                              016A
        CSCTL5_H                            016B
        CSCTL5_L                            016A
        SFRIFG1                             0102
        SFRIFG1_H                           0103
        SFRIFG1_L                           0102
        WDTCTL                              015C
        WDTCTL_H                            015D
        WDTCTL_L                            015C
init ( C:\Users\Stuart\Desktop\ECE 306\Project 5\Debug\Obj\init.r43 )
        Init_Conditions                     4910
        ?setjmp_save_r4                     NOT NEEDED
        ?setjmp_save_r5                     NOT NEEDED
interrupts_ports ( C:\Users\Stuart\Desktop\ECE 306\Project 5\Debug\Obj\interrupts_ports.r43 )
        _A_PCIFG_L                          025C
        BUTTON_interrupt                    407E
        BUTTON_interrupt::??INTVEC 54       FFC6
        ?setjmp_save_r4                     NOT NEEDED
        ?setjmp_save_r5                     NOT NEEDED
        PCIFG                               025C
        PCIFG_H                             025D
        PCIFG_L                             025C
interrupts_timers ( C:\Users\Stuart\Desktop\ECE 306\Project 5\Debug\Obj\interrupts_timers.r43 )
        _A_TA1CCR0_L                        0392
        counter                             1C00
        Timer1_A0_ISR                       408C
        Timer1_A0_ISR::??INTVEC 82          FFE2
        ?setjmp_save_r4                     NOT NEEDED
        ?setjmp_save_r5                     NOT NEEDED
        TA1CCR0                             0392
        TA1CCR0_H                           0393
        TA1CCR0_L                           0392
LCD ( C:\Users\Stuart\Desktop\ECE 306\Project 5\LCD.r43 )
        _A_PBOUT_L                          0222
        _A_PCOUT_L                          0242
        _A_TA0CCTL2_L                       0346
        _A_TA0CCR2_L                        0356
        _A_UCB1CTLW0_L                      0680
        _A_UCB1BRW_L                        0686
        _A_UCB1TXBUF_L                      068E
        _A_UCB1IFG_L                        06AC
        lcd_control                         NOT NEEDED
        display_line                        1C0E
        display                             1C02
        posi_L1                             NOT NEEDED
        posi_L2                             NOT NEEDED
        posi_L3                             NOT NEEDED
        posi_L4                             NOT NEEDED
        char_count                          NOT NEEDED
        current_line                        NOT NEEDED
        update_display_count                1C0A
        display_update_time                 NOT NEEDED
        update_display                      1C3A
        display_changed                     1C3B
        LCD_test                            NOT NEEDED
        spi_chipselect_idle                 4C20
        spi_chipselect_active               4C60
        spi_reset_idle                      4C72
        spi_reset_active                    4C78
        Display_Process                     4B40
        Display_Update                      49B0
        enable_display_update               4C52
        update_string                       4B62
        Init_LCD                            43A2
        lcd_4line                           NOT NEEDED
        lcd_BIG_mid                         NOT NEEDED
        lcd_out                             4B1C
        lcd_puts                            NOT NEEDED
        WriteIns                            4AD2
        WriteData                           4AAC
        CheckBusy                           NOT NEEDED
        ClrDisplay                          4B7E
        ClrDisplay_Buffer_0                 4BE4
        ClrDisplay_Buffer_1                 4BD0
        ClrDisplay_Buffer_2                 4C0C
        ClrDisplay_Buffer_3                 4BF8
        SetPostion                          NOT NEEDED
        DisplayOnOff                        4BBC
        Init_SPI_B1                         4A38
        SPI_B1_write                        4BA8
        ?setjmp_save_r4                     NOT NEEDED
        ?setjmp_save_r5                     NOT NEEDED
        PBOUT                               0222
        PBOUT_H                             0223
        PBOUT_L                             0222
        PCOUT                               0242
        PCOUT_H                             0243
        PCOUT_L                             0242
        TA0CCTL2                            0346
        TA0CCTL2_H                          0347
        TA0CCTL2_L                          0346
        TA0CCR2                             0356
        TA0CCR2_H                           0357
        TA0CCR2_L                           0356
        UCB1CTLW0                           0680
        UCB1CTLW0_H                         0681
        UCB1CTLW0_L                         0680
        UCB1BRW                             0686
        UCB1BRW_H                           0687
        UCB1BRW_L                           0686
        UCB1TXBUF                           068E
        UCB1TXBUF_H                         068F
        UCB1TXBUF_L                         068E
        UCB1IFG                             06AC
        UCB1IFG_H                           06AD
        UCB1IFG_L                           06AC
led ( C:\Users\Stuart\Desktop\ECE 306\Project 5\Debug\Obj\led.r43 )
        _A_PAOUT_L                          0202
        Init_LEDs                           NOT NEEDED
        ?setjmp_save_r4                     NOT NEEDED
        ?setjmp_save_r5                     NOT NEEDED
        PAOUT                               0202
        PAOUT_H                             0203
        PAOUT_L                             0202
main ( C:\Users\Stuart\Desktop\ECE 306\Project 5\Debug\Obj\main.r43 )
        _A_PAOUT_L                          NOT NEEDED
        _A_PCIES_L                          0258
        _A_PCIE_L                           025A
        _A_PCIFG_L                          NOT NEEDED
        _A_PM5CTL0_L                        0130
        slow_input_down                     NOT NEEDED
        display_mode                        NOT NEEDED
        done                                1C0C
        main                                4098
        ?setjmp_save_r4                     NOT NEEDED
        ?setjmp_save_r5                     NOT NEEDED
        PAOUT                               0202
        PAOUT_H                             0203
        PAOUT_L                             0202
        PCIES                               0258
        PCIES_H                             0259
        PCIES_L                             0258
        PCIE                                025A
        PCIE_H                              025B
        PCIE_L                              025A
        PCIFG                               025C
        PCIFG_H                             025D
        PCIFG_L                             025C
        PM5CTL0                             0130
        PM5CTL0_H                           0131
        PM5CTL0_L                           0130
movement ( C:\Users\Stuart\Desktop\ECE 306\Project 5\Debug\Obj\movement.r43 )
        _A_PAOUT_L                          NOT NEEDED
        _A_PBOUT_L                          NOT NEEDED
        pause                               4562
        forward                             4750
        reverse                             46D8
        clockwise                           4660
        counterclockwise                    47C8
        ?setjmp_save_r4                     NOT NEEDED
        ?setjmp_save_r5                     NOT NEEDED
        PAOUT                               0202
        PAOUT_H                             0203
        PAOUT_L                             0202
        PBOUT                               0222
        PBOUT_H                             0223
        PBOUT_L                             0222
ports ( C:\Users\Stuart\Desktop\ECE 306\Project 5\Debug\Obj\ports.r43 )
        _A_PAOUT_L                          NOT NEEDED
        _A_PADIR_L                          0204
        _A_PASEL0_L                         020A
        _A_PASEL1_L                         020C
        _A_PBOUT_L                          NOT NEEDED
        _A_PBDIR_L                          0224
        _A_PBSEL0_L                         022A
        _A_PBSEL1_L                         022C
        _A_PCOUT_L                          NOT NEEDED
        _A_PCDIR_L                          0244
        _A_PCREN_L                          0246
        _A_PCSEL0_L                         024A
        _A_PCSEL1_L                         024C
        _A_PCIES_L                          NOT NEEDED
        _A_PCIE_L                           NOT NEEDED
        _A_PCIFG_L                          NOT NEEDED
        _A_PDOUT_L                          0262
        _A_PDDIR_L                          0264
        _A_PDSEL0_L                         026A
        _A_PDSEL1_L                         026C
        _A_PJOUT_L                          0322
        _A_PJDIR_L                          0324
        _A_PJSEL0_L                         032A
        _A_PJSEL1_L                         032C
        Init_Ports                          4AF8
        Init_Port1                          4840
        Init_Port2                          45E6
        Init_Port3                          424E
        Init_Port4                          42F8
        Init_Port5                          418E
        Init_Port6                          443E
        Init_Port7                          44D8
        Init_Port8                          4966
        Init_PortJ                          49F6
        ?setjmp_save_r4                     NOT NEEDED
        ?setjmp_save_r5                     NOT NEEDED
        PAOUT                               0202
        PAOUT_H                             0203
        PAOUT_L                             0202
        PADIR                               0204
        PADIR_H                             0205
        PADIR_L                             0204
        PASEL0                              020A
        PASEL0_H                            020B
        PASEL0_L                            020A
        PASEL1                              020C
        PASEL1_H                            020D
        PASEL1_L                            020C
        PBOUT                               0222
        PBOUT_H                             0223
        PBOUT_L                             0222
        PBDIR                               0224
        PBDIR_H                             0225
        PBDIR_L                             0224
        PBSEL0                              022A
        PBSEL0_H                            022B
        PBSEL0_L                            022A
        PBSEL1                              022C
        PBSEL1_H                            022D
        PBSEL1_L                            022C
        PCOUT                               0242
        PCOUT_H                             0243
        PCOUT_L                             0242
        PCDIR                               0244
        PCDIR_H                             0245
        PCDIR_L                             0244
        PCREN                               0246
        PCREN_H                             0247
        PCREN_L                             0246
        PCSEL0                              024A
        PCSEL0_H                            024B
        PCSEL0_L                            024A
        PCSEL1                              024C
        PCSEL1_H                            024D
        PCSEL1_L                            024C
        PCIES                               0258
        PCIES_H                             0259
        PCIES_L                             0258
        PCIE                                025A
        PCIE_H                              025B
        PCIE_L                              025A
        PCIFG                               025C
        PCIFG_H                             025D
        PCIFG_L                             025C
        PDOUT                               0262
        PDOUT_H                             0263
        PDOUT_L                             0262
        PDDIR                               0264
        PDDIR_H                             0265
        PDDIR_L                             0264
        PDSEL0                              026A
        PDSEL0_H                            026B
        PDSEL0_L                            026A
        PDSEL1                              026C
        PDSEL1_H                            026D
        PDSEL1_L                            026C
        PJOUT                               0322
        PJOUT_H                             0323
        PJOUT_L                             0322
        PJDIR                               0324
        PJDIR_H                             0325
        PJDIR_L                             0324
        PJSEL0                              032A
        PJSEL0_H                            032B
        PJSEL0_L                            032A
        PJSEL1                              032C
        PJSEL1_H                            032D
        PJSEL1_L                            032C
system ( C:\Users\Stuart\Desktop\ECE 306\Project 5\Debug\Obj\system.r43 )
        enable_interrupts                   4C6C
        ?setjmp_save_r4                     NOT NEEDED
        ?setjmp_save_r5                     NOT NEEDED
timers ( C:\Users\Stuart\Desktop\ECE 306\Project 5\Debug\Obj\timers.r43 )
        _A_TA1CTL_L                         0380
        _A_TA1CCTL0_L                       0382
        _A_TA1CCR0_L                        NOT NEEDED
        _A_TA1EX0_L                         03A0
        Init_Timers                         4C82
        Init_Timer_A1                       4A76
        ?setjmp_save_r4                     NOT NEEDED
        ?setjmp_save_r5                     NOT NEEDED
        TA1CTL                              0380
        TA1CTL_H                            0381
        TA1CTL_L                            0380
        TA1CCTL0                            0382
        TA1CCTL0_H                          0383
        TA1CCTL0_L                          0382
        TA1CCR0                             0392
        TA1CCR0_H                           0393
        TA1CCR0_L                           0392
        TA1EX0                              03A0
        TA1EX0_H                            03A1
        TA1EX0_L                            03A0
?abort ( C:\Program Files (x86)\IAR Systems\Embedded Workbench 8.0\430\lib\dlib\dl430xlsfn.r43 )
        abort                               NOT NEEDED
?__dbg_break ( C:\Program Files (x86)\IAR Systems\Embedded Workbench 8.0\430\lib\dlib\dl430xlsfn.r43 )
        __DebugBreak                        4C8A
?__dwrite ( C:\Program Files (x86)\IAR Systems\Embedded Workbench 8.0\430\lib\dlib\dl430xlsfn.r43 )
        __dwrite                            NOT NEEDED
?__exit ( C:\Program Files (x86)\IAR Systems\Embedded Workbench 8.0\430\lib\dlib\dl430xlsfn.r43 )
        __exit                              4B94
?__write ( C:\Program Files (x86)\IAR Systems\Embedded Workbench 8.0\430\lib\dlib\dl430xlsfn.r43 )
        __write                             NOT NEEDED
?_exit ( C:\Program Files (x86)\IAR Systems\Embedded Workbench 8.0\430\lib\dlib\dl430xlsfn.r43 )
        _exit                               4C86
        __cstart_call_dtors                 NOT NEEDED
        __cstart_closeall                   NOT NEEDED
        __cstart_clearlocks                 NOT NEEDED
?cppinit ( C:\Program Files (x86)\IAR Systems\Embedded Workbench 8.0\430\lib\dlib\dl430xlsfn.r43 )
        __call_ctors                        NOT NEEDED
        __alloc_record_needed_destruction   NOT NEEDED
        __record_needed_destruction         NOT NEEDED
        __call_dtors                        NOT NEEDED
        __data16_vec_cctor                  NOT NEEDED
?cstart ( C:\Program Files (x86)\IAR Systems\Embedded Workbench 8.0\430\lib\dlib\dl430xlsfn.r43 )
        __program_start                     4066
        ?cstart_begin                       4066
        ?cstart_call_mpu_init               NOT NEEDED
        ?cstart_call_frwp_init              NOT NEEDED
        ?cstart_call_low_level_init         NOT NEEDED
        ?cstart_init_copy_ramfunc           NOT NEEDED
        ?cstart_init_zero                   406A
        ?cstart_init_copy                   NOT NEEDED
        ?cstart_init_zero20                 NOT NEEDED
        ?cstart_init_copy20                 NOT NEEDED
        __cstart_init_tls                   NOT NEEDED
        ?cstart_call_ctors                  NOT NEEDED
        ?cstart_call_main                   4076
        ?cstart_end                         407E
lowinit ( C:\Program Files (x86)\IAR Systems\Embedded Workbench 8.0\430\lib\dlib\dl430xlsfn.r43 )
        __low_level_init                    NOT NEEDED
?reset_vector ( C:\Program Files (x86)\IAR Systems\Embedded Workbench 8.0\430\lib\dlib\dl430xlsfn.r43 )
        ?reset_vector                       FFFE
?exit ( C:\Program Files (x86)\IAR Systems\Embedded Workbench 8.0\430\lib\dlib\dl430xlsfn.r43 )
        exit                                4C7E
?FrwpInit ( C:\Program Files (x86)\IAR Systems\Embedded Workbench 8.0\430\lib\dlib\dl430xlsfn.r43 )
        __iar_430_frwp_init                 NOT NEEDED
?malloc ( C:\Program Files (x86)\IAR Systems\Embedded Workbench 8.0\430\lib\dlib\dl430xlsfn.r43 )
        malloc                              NOT NEEDED
?memcpy ( C:\Program Files (x86)\IAR Systems\Embedded Workbench 8.0\430\lib\dlib\dl430xlsfn.r43 )
        memcpy                              NOT NEEDED
?memmove ( C:\Program Files (x86)\IAR Systems\Embedded Workbench 8.0\430\lib\dlib\dl430xlsfn.r43 )
        memmove                             NOT NEEDED
?memzero ( C:\Program Files (x86)\IAR Systems\Embedded Workbench 8.0\430\lib\dlib\dl430xlsfn.r43 )
        __data16_memzero                    4C32
        __data16_memcpy                     NOT NEEDED
        __data16_memmove                    NOT NEEDED
?MpuInit ( C:\Program Files (x86)\IAR Systems\Embedded Workbench 8.0\430\lib\dlib\dl430xlsfn.r43 )
        __iar_430_mpu_init                  NOT NEEDED
        ?mpu1_4k_init                       NOT NEEDED
        ?mpu1_8k_init                       NOT NEEDED
        ?mpu1_16k_init                      NOT NEEDED
        ?mpu2_init                          NOT NEEDED
?setjmp ( C:\Program Files (x86)\IAR Systems\Embedded Workbench 8.0\430\lib\dlib\dl430xlsfn.r43 )
        setjmp                              NOT NEEDED
        ?setjmp_r5                          NOT NEEDED
        ?setjmp_r4                          NOT NEEDED
        ?setjmp_end                         NOT NEEDED
?longjmp ( C:\Program Files (x86)\IAR Systems\Embedded Workbench 8.0\430\lib\dlib\dl430xlsfn.r43 )
        longjmp                             NOT NEEDED
        ?longjmp_r5                         NOT NEEDED
        ?longjmp_r4                         NOT NEEDED
        ?longjmp_end                        NOT NEEDED
?IndCallR11 ( C:\Program Files (x86)\IAR Systems\Embedded Workbench 8.0\430\lib\dlib\dl430xlsfn.r43 )
        ?IndCallR11                         NOT NEEDED
?IndCallR15 ( C:\Program Files (x86)\IAR Systems\Embedded Workbench 8.0\430\lib\dlib\dl430xlsfn.r43 )
        ?IndCallR15                         NOT NEEDED
?strcpy ( C:\Program Files (x86)\IAR Systems\Embedded Workbench 8.0\430\lib\dlib\dl430xlsfn.r43 )
        strcpy                              4C42
?xcloseall ( C:\Program Files (x86)\IAR Systems\Embedded Workbench 8.0\430\lib\dlib\dl430xlsfn.r43 )
        _Close_all                          NOT NEEDED
?xgetmemchunk ( C:\Program Files (x86)\IAR Systems\Embedded Workbench 8.0\430\lib\dlib\dl430xlsfn.r43 )
        __data16_GetMemChunk                NOT NEEDED
?xxmemxfree ( C:\Program Files (x86)\IAR Systems\Embedded Workbench 8.0\430\lib\dlib\dl430xlsfn.r43 )
        __data16_free                       NOT NEEDED
?xxmemxmalloc ( C:\Program Files (x86)\IAR Systems\Embedded Workbench 8.0\430\lib\dlib\dl430xlsfn.r43 )
        __data16_Aldata                     NOT NEEDED
        __data16_malloc                     NOT NEEDED
        __data16_findmem                     LOCAL, NOT NEEDED


                ****************************************
                *                                      *
                *            MODULE SUMMARY            *
                *                                      *
                ****************************************

Module               CODE      DATA      CONST
------               ----      ----      -----
                    (Rel)  (Rel)  (Abs)  (Rel)
?__dbg_break            2
?__exit                20
?_exit                  4
?cstart                24
?exit                   4
?memzero               16
?reset_vector           2
?strcpy                16
LCD                   660     56     12
  + shared                            4
clocks                 90            16
init                   86
interrupts_ports       14
  + shared             56             2
  + common
interrupts_timers      12      2
  + shared             84             2
  + common
led
  + shared                            2
main                  246      2      2     23
  + shared                            4
movement              612                   79
ports               1 240            36
system                  6
timers                 58             6
N/A (command line)           160
N/A (alignment)
----------          -----    ---     --    ---
Total:              3 112    220     86    102
  + common             84


                ****************************************
                *                                      *
                *      SEGMENTS IN ADDRESS ORDER       *
                *                                      *
                ****************************************


SEGMENT              SPACE    START ADDRESS   END ADDRESS     SIZE  TYPE  ALIGN
=======              =====    =============   ===========     ====  ====  =====
DATA16_AN                              0102 - 0103               2   rel    0
                                       0130 - 0131               2 
                                       015C - 015D               2 
                                       0160 - 016B               C 
                                       0202 - 0205               4 
                                       020A - 020D               4 
                                       0222 - 0225               4 
                                       022A - 022D               4 
                                       0242 - 0247               6 
                                       024A - 024D               4 
                                       0258 - 025D               6 
                                       0262 - 0265               4 
                                       026A - 026D               4 
                                       0322 - 0325               4 
                                       032A - 032D               4 
                                       0346 - 0347               2 
                                       0356 - 0357               2 
                                       0380 - 0383               4 
                                       0392 - 0393               2 
                                       03A0 - 03A1               2 
                                       0680 - 0681               2 
                                       0686 - 0687               2 
                                       068E - 068F               2 
                                       06AC - 06AD               2 
DATA16_I                                  1C00                       dse    0
DATA16_Z                               1C00 - 1C3B              3C   rel    1
CODE_I                                    1C3C                       rel    1
DATA20_I                                  1C3C                       rel    1
DATA20_N                                  1C3C                       rel    1
DATA20_Z                                  1C3C                       rel    1
CSTACK                                 2B60 - 2BFF              A0   rel    1
DATA16_C                               4000 - 4065              66   rel    0
CSTART                                 4066 - 407D              18   rel    1
ISR_CODE                               407E - 4097              1A   rel    1
<CODE> 1                               4098 - 4C8B             BF4   rel    1
DATA20_ID                                 4C8C                       rel    1
CODE_ID                                   4C8C                       rel    1
DATA20_C                                  4C8C                       rel    1
INTVEC                                 FF90 - FFE3              54   com    1
RESET                                  FFFE - FFFF               2   rel    1

                ****************************************
                *                                      *
                *        END OF CROSS REFERENCE        *
                *                                      *
                ****************************************

 3 196 bytes of CODE  memory
   220 bytes of DATA  memory (+ 86 absolute )
   102 bytes of CONST memory

Errors: none
Warnings: none

