################################################################################
#                                                                              #
#      IAR Universal Linker V6.5.1.95                                          #
#                                                                              #
#           Link time     =  24/Apr/2018  17:10:07                             #
#           Target CPU    =  MSP430                                            #
#           List file     =  "C:\Users\Stuart\Desktop\ECE 306\Project 10\Debug #
#                            \List\Project 10.map"                             #
#           Output file 1 =  "C:\Users\Stuart\Desktop\ECE 306\Project 10\Debug #
#                            \Exe\Project 10.d43"                              #
#                            Format: ubrof10                                   #
#                            UBROF version 10.0.6                              #
#                            Using library modules for C-SPY (-rt)             #
#           Command line  =  -f                                                #
#                            C:\Users\Stuart\AppData\Local\Temp\EWC8D8.tmp     #
#                            ("C:\Users\Stuart\Desktop\ECE 306\Project 10\Debu #
#                            g\Obj\adc.r43"                                    #
#                            "C:\Users\Stuart\Desktop\ECE 306\Project 10\Debug #
#                            \Obj\clocks.r43"                                  #
#                            "C:\Users\Stuart\Desktop\ECE 306\Project 10\Debug #
#                            \Obj\convert.r43"                                 #
#                            "C:\Users\Stuart\Desktop\ECE 306\Project 10\Debug #
#                            \Obj\init.r43"                                    #
#                            "C:\Users\Stuart\Desktop\ECE 306\Project 10\Debug #
#                            \Obj\interrupts_adc.r43"                          #
#                            "C:\Users\Stuart\Desktop\ECE 306\Project 10\Debug #
#                            \Obj\interrupts_ports.r43"                        #
#                            "C:\Users\Stuart\Desktop\ECE 306\Project 10\Debug #
#                            \Obj\interrupts_serial.r43"                       #
#                            "C:\Users\Stuart\Desktop\ECE 306\Project 10\Debug #
#                            \Obj\interrupts_timers.r43"                       #
#                            "C:\Users\Stuart\Desktop\ECE 306\Project 10\LCD.r #
#                            43"                                               #
#                            "C:\Users\Stuart\Desktop\ECE 306\Project 10\Debug #
#                            \Obj\led.r43"                                     #
#                            "C:\Users\Stuart\Desktop\ECE 306\Project 10\Debug #
#                            \Obj\main.r43"                                    #
#                            "C:\Users\Stuart\Desktop\ECE 306\Project 10\Debug #
#                            \Obj\movement.r43"                                #
#                            "C:\Users\Stuart\Desktop\ECE 306\Project 10\Debug #
#                            \Obj\navigate.r43"                                #
#                            "C:\Users\Stuart\Desktop\ECE 306\Project 10\Debug #
#                            \Obj\ports.r43"                                   #
#                            "C:\Users\Stuart\Desktop\ECE 306\Project 10\Debug #
#                            \Obj\receive.r43"                                 #
#                            "C:\Users\Stuart\Desktop\ECE 306\Project 10\Debug #
#                            \Obj\serial.r43"                                  #
#                            "C:\Users\Stuart\Desktop\ECE 306\Project 10\Debug #
#                            \Obj\system.r43"                                  #
#                            "C:\Users\Stuart\Desktop\ECE 306\Project 10\Debug #
#                            \Obj\timers.r43"                                  #
#                            -o                                                #
#                            "C:\Users\Stuart\Desktop\ECE 306\Project 10\Debug #
#                            \Exe\Project 10.d43"                              #
#                            -l                                                #
#                            "C:\Users\Stuart\Desktop\ECE 306\Project 10\Debug #
#                            \List\Project 10.map"                             #
#                            -xesni                                            #
#                            "-IC:\Program Files (x86)\IAR Systems\Embedded Wo #
#                            rkbench 8.0\430\LIB\"                             #
#                            -f                                                #
#                            "C:\Program Files (x86)\IAR Systems\Embedded Work #
#                            bench 8.0\430\config\linker\lnk430fr5994.xcl"     #
#                            (-cmsp430 -QCODE_I=CODE_ID -QTLS16_I=TLS16_ID     #
#                            -D__iar_HWMUL=4C0 -Z(CONST)INFO=1800-19FF         #
#                            -Z(CONST)INFOA=1980-19FF                          #
#                            -Z(CONST)INFOB=1900-197F                          #
#                            -Z(CONST)INFOC=1880-18FF                          #
#                            -Z(CONST)INFOD=1800-187F                          #
#                            -Z(DATA)TINYRAM=000A-001F                         #
#                            -Z(DATA)LEARAM=2C00-3AC7                          #
#                            -Z(DATA)LEASTACK=3AC8-3BFF                        #
#                            -Z(DATA)DATA16_I,DATA16_Z,DATA16_N,TLS16_I=1C00-2 #
#                            BFF                                               #
#                            -Z(DATA)CODE_I                                    #
#                            -Z(DATA)DATA20_I,DATA20_Z,DATA20_N                #
#                            -Z(DATA)CSTACK+_STACK_SIZE#                       #
#                            -Z(CONST)DATA16_P,DATA20_P=4000-FF7F              #
#                            -Z(DATA)DATA16_HEAP+_DATA16_HEAP_SIZE             #
#                            -Z(DATA)DATA20_HEAP+_DATA20_HEAP_SIZE             #
#                            -Z(CONST)MPU_B1 -Z(CONST)IPE_B1=4000-FF7F         #
#                            -Z(DATA)IPEDATA16_N -Z(CODE)IPECODE16             #
#                            -Z(CONST)IPEDATA16_C,IPE_B2 -Z(CONST)MPU_B2       #
#                            -Z(CONST)DATA16_C,DATA16_ID,TLS16_ID,DIFUNCT,CHEC #
#                            KSUM=4000-FF7F                                    #
#                            -Z(CODE)CSTART,ISR_CODE,CODE16=4000-FF7F          #
#                            -P(CODE)CODE=4000-FF7F,10000-43FFF                #
#                            -Z(CODE)CODE_PAD                                  #
#                            -Z(CONST)DATA20_C,DATA20_ID,CODE_ID=4000-FF7F,100 #
#                            40-43FFF                                          #
#                            -Z(CONST)JTAGSIGNATURE=FF80-FF83                  #
#                            -Z(CONST)BSLSIGNATURE=FF84-FF87                   #
#                            -Z(CONST)IPESIGNATURE=FF88-FF8F                   #
#                            -Z(CODE)INTVEC=FF90-FFFF                          #
#                            -Z(CODE)RESET=FFFE-FFFF) -f                       #
#                            "C:\Program Files (x86)\IAR Systems\Embedded Work #
#                            bench 8.0\430\config\linker\multiplier32.xcl"     #
#                            (-e?Mul8Hw=?Mul8 -e?Mul16Hw=?Mul16                #
#                            -e?Mul16to32uHw=?Mul16to32u                       #
#                            -e?Mul16to32sHw=?Mul16to32s -e?Mul32Hw32=?Mul32   #
#                            -e?Mul64Hw32=_Mul64i                              #
#                            -e?Mul32u32uto64iHw32=_Mul32u32uto64i             #
#                            -e?Mul32fHw32=_Mul32f                             #
#                            -e_Mul64fHw32Ptr=_Mul64fPtr) -D_STACK_SIZE=A0     #
#                            -rt                                               #
#                            "C:\Program Files (x86)\IAR Systems\Embedded Work #
#                            bench 8.0\430\lib\dlib\dl430xlsfn.r43"            #
#                            -e_PrintfLarge=_Printf -e_ScanfLarge=_Scanf       #
#                            -D_DATA16_HEAP_SIZE=A0 -s __program_start         #
#                            -D_DATA20_HEAP_SIZE=50)                           #
#                                                                              #
#                           Copyright (C) 1987-2016 IAR Systems AB.            #
################################################################################





                ****************************************
                *                                      *
                *           CROSS REFERENCE            *
                *                                      *
                ****************************************

       Program entry at :           41AC  Relocatable, from module : ?cstart




                ****************************************
                *                                      *
                *            RUNTIME MODEL             *
                *                                      *
                ****************************************

  __Heap_Handler             = Basic
  __SystemLibrary            = DLib
  __code_model               = large
  __core                     = 430X
  __data_model               = small
  __dlib_file_descriptor     = 0
  __dlib_full_locale_support = 0
  __double_size              = 32
  __pic                      = no
  __reg_r4                   = free
  __reg_r5                   = free
  __rt_version               = 3

                ****************************************
                *                                      *
                *    AUTOMATIC SYMBOL REDIRECTIONS     *
                *                                      *
                ****************************************

                  There are no automatic symbol redirections.

                ****************************************
                *                                      *
                *              ENTRY LIST              *
                *                                      *
                ****************************************

Module  Entry                              Address
------  -----                              -------
?FILLER_BYTES
?ABS_ENTRY_MOD
        _DATA20_HEAP_SIZE                   0050
        _DATA16_HEAP_SIZE                   00A0
        _STACK_SIZE                         00A0
        __iar_HWMUL                         04C0
adc ( C:\Users\Stuart\Desktop\ECE 306\Project 10\Debug\Obj\adc.r43 )
        _A_ADC12CTL0_L                      0800
        _A_ADC12CTL1_L                      0802
        _A_ADC12CTL2_L                      0804
        _A_ADC12CTL3_L                      0806
        _A_ADC12IER0_L                      0812
        _A_ADC12MCTL0_L                     0820
        _A_ADC12MCTL1_L                     0822
        _A_ADC12MCTL2_L                     0824
        Init_ADC                            4FF8
        ?setjmp_save_r4                     NOT NEEDED
        ?setjmp_save_r5                     NOT NEEDED
        ADC12CTL0                           0800
        ADC12CTL0_H                         0801
        ADC12CTL0_L                         0800
        ADC12CTL1                           0802
        ADC12CTL1_H                         0803
        ADC12CTL1_L                         0802
        ADC12CTL2                           0804
        ADC12CTL2_H                         0805
        ADC12CTL2_L                         0804
        ADC12CTL3                           0806
        ADC12CTL3_H                         0807
        ADC12CTL3_L                         0806
        ADC12IER0                           0812
        ADC12IER0_H                         0813
        ADC12IER0_L                         0812
        ADC12MCTL0                          0820
        ADC12MCTL0_H                        0821
        ADC12MCTL0_L                        0820
        ADC12MCTL1                          0822
        ADC12MCTL1_H                        0823
        ADC12MCTL1_L                        0822
        ADC12MCTL2                          0824
        ADC12MCTL2_H                        0825
        ADC12MCTL2_L                        0824
clocks ( C:\Users\Stuart\Desktop\ECE 306\Project 10\Debug\Obj\clocks.r43 )
        _A_CSCTL0_L                         0160
        _A_CSCTL1_L                         0162
        _A_CSCTL2_L                         0164
        _A_CSCTL3_L                         0166
        _A_CSCTL4_L                         0168
        _A_CSCTL5_L                         016A
        _A_SFRIFG1_L                        0102
        _A_WDTCTL_L                         015C
        Init_Clocks                         55C6
        ?setjmp_save_r4                     NOT NEEDED
        ?setjmp_save_r5                     NOT NEEDED
        CSCTL0                              0160
        CSCTL0_H                            0161
        CSCTL0_L                            0160
        CSCTL1                              0162
        CSCTL1_H                            0163
        CSCTL1_L                            0162
        CSCTL2                              0164
        CSCTL2_H                            0165
        CSCTL2_L                            0164
        CSCTL3                              0166
        CSCTL3_H                            0167
        CSCTL3_L                            0166
        CSCTL4                              0168
        CSCTL4_H                            0169
        CSCTL4_L                            0168
        CSCTL5                              016A
        CSCTL5_H                            016B
        CSCTL5_L                            016A
        SFRIFG1                             0102
        SFRIFG1_H                           0103
        SFRIFG1_L                           0102
        WDTCTL                              015C
        WDTCTL_H                            015D
        WDTCTL_L                            015C
convert ( C:\Users\Stuart\Desktop\ECE 306\Project 10\Debug\Obj\convert.r43 )
        string                              1C98
        string2                             1CA3
        tens_places                         1C28
        convert                             4BFA
        ?setjmp_save_r4                     NOT NEEDED
        ?setjmp_save_r5                     NOT NEEDED
init ( C:\Users\Stuart\Desktop\ECE 306\Project 10\Debug\Obj\init.r43 )
        Init_Conditions                     567A
        ?setjmp_save_r4                     NOT NEEDED
        ?setjmp_save_r5                     NOT NEEDED
interrupts_adc ( C:\Users\Stuart\Desktop\ECE 306\Project 10\Debug\Obj\interrupts_adc.r43 )
        _A_ADC12IV_L                        0818
        _A_ADC12MEM0_L                      0860
        _A_ADC12MEM1_L                      0862
        _A_ADC12MEM2_L                      0864
        ADC_Thumb                           1C30
        ADC_Right_Detector                  1C32
        ADC_Left_Detector                   1C34
        ADC12_ISR                           41D4
        ADC12_ISR::??INTVEC 92              FFEC
        ?setjmp_save_r4                     NOT NEEDED
        ?setjmp_save_r5                     NOT NEEDED
        ADC12IV                             0818
        ADC12IV_H                           0819
        ADC12IV_L                           0818
        ADC12MEM0                           0860
        ADC12MEM0_H                         0861
        ADC12MEM0_L                         0860
        ADC12MEM1                           0862
        ADC12MEM1_H                         0863
        ADC12MEM1_L                         0862
        ADC12MEM2                           0864
        ADC12MEM2_H                         0865
        ADC12MEM2_L                         0864
interrupts_ports ( C:\Users\Stuart\Desktop\ECE 306\Project 10\Debug\Obj\interrupts_ports.r43 )
        _A_PBOUT_L                          0222
        _A_PBIE_L                           023A
        _A_PBIFG_L                          023C
        _A_PCIE_L                           025A
        _A_PCIFG_L                          025C
        _A_PDOUT_L                          0262
        _A_TA0CCTL0_L                       0342
        _A_TA0CCR0_L                        0352
        _A_TA3CCTL0_L                       0442
        _A_TA4CCR1_L                        07D4
        debounce_B1                         1C36
        debounce_B2                         1C38
        B_Pressed                           1C3A
        Menu_Change                         1C3C
        B1_pressed                          1C3E
        B2_pressed                          1C40
        White                               1C00
        Black                               1C02
        IOT_Reset                           1C42
        Backlight_Setting                   1C44
        BUTTON_interrupt                    4240
        LINK_interrupt                      440A
        BUTTON_interrupt::??INTVEC 54       FFC6
        LINK_interrupt::??INTVEC 66         FFD2
        ?setjmp_save_r4                     NOT NEEDED
        ?setjmp_save_r5                     NOT NEEDED
        PBOUT                               0222
        PBOUT_H                             0223
        PBOUT_L                             0222
        PBIE                                023A
        PBIE_H                              023B
        PBIE_L                              023A
        PBIFG                               023C
        PBIFG_H                             023D
        PBIFG_L                             023C
        PCIE                                025A
        PCIE_H                              025B
        PCIE_L                              025A
        PCIFG                               025C
        PCIFG_H                             025D
        PCIFG_L                             025C
        PDOUT                               0262
        PDOUT_H                             0263
        PDOUT_L                             0262
        TA0CCTL0                            0342
        TA0CCTL0_H                          0343
        TA0CCTL0_L                          0342
        TA0CCR0                             0352
        TA0CCR0_H                           0353
        TA0CCR0_L                           0352
        TA3CCTL0                            0442
        TA3CCTL0_H                          0443
        TA3CCTL0_L                          0442
        TA4CCR1                             07D4
        TA4CCR1_H                           07D5
        TA4CCR1_L                           07D4
interrupts_serial ( C:\Users\Stuart\Desktop\ECE 306\Project 10\Debug\Obj\interrupts_serial.r43 )
        _A_UCA0RXBUF_L                      05CC
        _A_UCA0IV_L                         05DE
        _A_UCA3RXBUF_L                      062C
        _A_UCA3IE_L                         063A
        _A_UCA3IV_L                         063E
        strstr                              5CB2
        usb_rx_ring_wrUCA0                  1C46
        usb_rx_ring_wrUCA3                  1C48
        Receive_Flag                        1C4A
        Sent_Flag                           NOT NEEDED
        Wifi_Up                             1C4C
        Wifi_Up_Temp                        1C4E
        Wifi_Up_Temp2                       1C50
        Wifi_Up_Temp3                       1C52
        Wifi_Up_Temp4                       1C54
        Wifi_Up_Temp5                       1C56
        Wifi_Up_Temp6                       1C58
        IP_Received                         1C5A
        IP_Received_Temp                    NOT NEEDED
        Command_Flag                        1C5C
        IOT_Direction                       1C5E
        Exiting                             1C60
        Input_Received                      1C62
        IP_Addr1                            1C06
        IP_Addr2                            1C11
        IP_End                              1C64
        USCI_A0_ISR                         443A
        USCI_A3_ISR                         4478
        USCI_A3_ISR::??INTVEC 48            FFC0
        USCI_A0_ISR::??INTVEC 96            FFF0
        ?setjmp_save_r4                     NOT NEEDED
        ?setjmp_save_r5                     NOT NEEDED
        UCA0RXBUF                           05CC
        UCA0RXBUF_H                         05CD
        UCA0RXBUF_L                         05CC
        UCA0IV                              05DE
        UCA0IV_H                            05DF
        UCA0IV_L                            05DE
        UCA3RXBUF                           062C
        UCA3RXBUF_H                         062D
        UCA3RXBUF_L                         062C
        UCA3IE                              063A
        UCA3IE_H                            063B
        UCA3IE_L                            063A
        UCA3IV                              063E
        UCA3IV_H                            063F
        UCA3IV_L                            063E
interrupts_timers ( C:\Users\Stuart\Desktop\ECE 306\Project 10\Debug\Obj\interrupts_timers.r43 )
        _A_PBOUT_L                          NOT NEEDED
        _A_PBIE_L                           NOT NEEDED
        _A_PBIFG_L                          NOT NEEDED
        _A_PCIE_L                           NOT NEEDED
        _A_PCIFG_L                          NOT NEEDED
        _A_PDOUT_L                          NOT NEEDED
        _A_TA0CCTL0_L                       NOT NEEDED
        _A_TA0CCR0_L                        NOT NEEDED
        _A_TA1CCTL0_L                       0382
        _A_TA1CCR0_L                        0392
        _A_TA2CCR0_L                        0412
        _A_TA3CCTL0_L                       NOT NEEDED
        _A_TA3CCR0_L                        0452
        _A_TB0CCR4_L                        03DA
        _A_TB0CCR6_L                        03DE
        counter                             1C66
        counter2                            1C68
        counter3                            1C6A
        Reset_Count                         1C6C
        Exiting_Count                       1C6E
        Time_String                         1C1C
        Timer0_A0_ISR                       471C
        Timer1_A0_ISR                       4AD6
        Timer2_A0_ISR                       4B0E
        Timer3_A0_ISR                       4BB6
        Timer3_A0_ISR::??INTVEC 70          FFD6
        Timer2_A0_ISR::??INTVEC 76          FFDC
        Timer1_A0_ISR::??INTVEC 82          FFE2
        Timer0_A0_ISR::??INTVEC 90          FFEA
        ?setjmp_save_r4                     NOT NEEDED
        ?setjmp_save_r5                     NOT NEEDED
        PBOUT                               0222
        PBOUT_H                             0223
        PBOUT_L                             0222
        PBIE                                023A
        PBIE_H                              023B
        PBIE_L                              023A
        PBIFG                               023C
        PBIFG_H                             023D
        PBIFG_L                             023C
        PCIE                                025A
        PCIE_H                              025B
        PCIE_L                              025A
        PCIFG                               025C
        PCIFG_H                             025D
        PCIFG_L                             025C
        PDOUT                               0262
        PDOUT_H                             0263
        PDOUT_L                             0262
        TA0CCTL0                            0342
        TA0CCTL0_H                          0343
        TA0CCTL0_L                          0342
        TA0CCR0                             0352
        TA0CCR0_H                           0353
        TA0CCR0_L                           0352
        TA1CCTL0                            0382
        TA1CCTL0_H                          0383
        TA1CCTL0_L                          0382
        TA1CCR0                             0392
        TA1CCR0_H                           0393
        TA1CCR0_L                           0392
        TA2CCR0                             0412
        TA2CCR0_H                           0413
        TA2CCR0_L                           0412
        TA3CCTL0                            0442
        TA3CCTL0_H                          0443
        TA3CCTL0_L                          0442
        TA3CCR0                             0452
        TA3CCR0_H                           0453
        TA3CCR0_L                           0452
        TB0CCR4                             03DA
        TB0CCR4_H                           03DB
        TB0CCR4_L                           03DA
        TB0CCR6                             03DE
        TB0CCR6_H                           03DF
        TB0CCR6_L                           03DE
LCD ( C:\Users\Stuart\Desktop\ECE 306\Project 10\LCD.r43 )
        _A_PBOUT_L                          NOT NEEDED
        _A_PCOUT_L                          0242
        _A_TA0CCTL2_L                       0346
        _A_TA0CCR2_L                        0356
        _A_UCB1CTLW0_L                      0680
        _A_UCB1BRW_L                        0686
        _A_UCB1TXBUF_L                      068E
        _A_UCB1IFG_L                        06AC
        lcd_control                         NOT NEEDED
        display_line                        1CAE
        display                             1C70
        posi_L1                             NOT NEEDED
        posi_L2                             NOT NEEDED
        posi_L3                             NOT NEEDED
        posi_L4                             NOT NEEDED
        char_count                          NOT NEEDED
        current_line                        NOT NEEDED
        update_display_count                1C78
        display_update_time                 NOT NEEDED
        update_display                      1CDA
        display_changed                     1CDB
        LCD_test                            NOT NEEDED
        spi_chipselect_idle                 5CA0
        spi_chipselect_active               5D12
        spi_reset_idle                      5D34
        spi_reset_active                    5D28
        Display_Process                     5AF0
        Display_Update                      57BA
        enable_display_update               NOT NEEDED
        update_string                       5B34
        Init_LCD                            5278
        lcd_4line                           NOT NEEDED
        lcd_BIG_mid                         NOT NEEDED
        lcd_out                             5ACC
        lcd_puts                            NOT NEEDED
        WriteIns                            5A5C
        WriteData                           5A82
        CheckBusy                           NOT NEEDED
        ClrDisplay                          5B80
        ClrDisplay_Buffer_0                 5C7A
        ClrDisplay_Buffer_1                 5BEE
        ClrDisplay_Buffer_2                 5C02
        ClrDisplay_Buffer_3                 5C2A
        SetPostion                          NOT NEEDED
        DisplayOnOff                        5C3E
        Init_SPI_B1                         5882
        SPI_B1_write                        5C66
        ?setjmp_save_r4                     NOT NEEDED
        ?setjmp_save_r5                     NOT NEEDED
        PBOUT                               0222
        PBOUT_H                             0223
        PBOUT_L                             0222
        PCOUT                               0242
        PCOUT_H                             0243
        PCOUT_L                             0242
        TA0CCTL2                            0346
        TA0CCTL2_H                          0347
        TA0CCTL2_L                          0346
        TA0CCR2                             0356
        TA0CCR2_H                           0357
        TA0CCR2_L                           0356
        UCB1CTLW0                           0680
        UCB1CTLW0_H                         0681
        UCB1CTLW0_L                         0680
        UCB1BRW                             0686
        UCB1BRW_H                           0687
        UCB1BRW_L                           0686
        UCB1TXBUF                           068E
        UCB1TXBUF_H                         068F
        UCB1TXBUF_L                         068E
        UCB1IFG                             06AC
        UCB1IFG_H                           06AD
        UCB1IFG_L                           06AC
led ( C:\Users\Stuart\Desktop\ECE 306\Project 10\Debug\Obj\led.r43 )
        _A_PAOUT_L                          0202
        Init_LEDs                           5D1E
        LEDs_ON                             NOT NEEDED
        ?setjmp_save_r4                     NOT NEEDED
        ?setjmp_save_r5                     NOT NEEDED
        PAOUT                               0202
        PAOUT_H                             0203
        PAOUT_L                             0202
main ( C:\Users\Stuart\Desktop\ECE 306\Project 10\Debug\Obj\main.r43 )
        _A_PDOUT_L                          NOT NEEDED
        _A_TA4CCR1_L                        NOT NEEDED
        usb_rx_ring_rUCA0                   NOT NEEDED
        usb_rx_ring_rUCA3                   NOT NEEDED
        Counter_Snapshot2                   1C7A
        Menu_Count                          1C7C
        Menu_Level                          1C7E
        Display_State                       NOT NEEDED
        Receive_State                       NOT NEEDED
        Navigating                          1C80
        Received_Array                      NOT NEEDED
        main                                5620
        ?setjmp_save_r4                     NOT NEEDED
        ?setjmp_save_r5                     NOT NEEDED
        PDOUT                               0262
        PDOUT_H                             0263
        PDOUT_L                             0262
        TA4CCR1                             07D4
        TA4CCR1_H                           07D5
        TA4CCR1_L                           07D4
movement ( C:\Users\Stuart\Desktop\ECE 306\Project 10\Debug\Obj\movement.r43 )
        _A_TB0CCR3_L                        03D8
        _A_TB0CCR4_L                        NOT NEEDED
        _A_TB0CCR5_L                        03DC
        _A_TB0CCR6_L                        NOT NEEDED
        wheels_off                          5C8E
        left                                5BAC
        right                               5B96
        forward                             5BC2
        reverse                             5BD8
        ?setjmp_save_r4                     NOT NEEDED
        ?setjmp_save_r5                     NOT NEEDED
        TB0CCR3                             03D8
        TB0CCR3_H                           03D9
        TB0CCR3_L                           03D8
        TB0CCR4                             03DA
        TB0CCR4_H                           03DB
        TB0CCR4_L                           03DA
        TB0CCR5                             03DC
        TB0CCR5_H                           03DD
        TB0CCR5_L                           03DC
        TB0CCR6                             03DE
        TB0CCR6_H                           03DF
        TB0CCR6_L                           03DE
navigate ( C:\Users\Stuart\Desktop\ECE 306\Project 10\Debug\Obj\navigate.r43 )
        _A_TB0CCR3_L                        NOT NEEDED
        _A_TB0CCR4_L                        NOT NEEDED
        _A_TB0CCR5_L                        NOT NEEDED
        _A_TB0CCR6_L                        NOT NEEDED
        First_Time                          1C82
        First_Time2                         1C84
        Counter_Snapshot                    1C86
        Turned                              NOT NEEDED
        Left_Flag                           1C88
        Right_Flag                          1C8A
        Time_Count                          1C8C
        Movement_Count                      1C8E
        Navigate_Speed                      1C04
        navigate                            4E76
        ?setjmp_save_r4                     NOT NEEDED
        ?setjmp_save_r5                     NOT NEEDED
        TB0CCR3                             03D8
        TB0CCR3_H                           03D9
        TB0CCR3_L                           03D8
        TB0CCR4                             03DA
        TB0CCR4_H                           03DB
        TB0CCR4_L                           03DA
        TB0CCR5                             03DC
        TB0CCR5_H                           03DD
        TB0CCR5_L                           03DC
        TB0CCR6                             03DE
        TB0CCR6_H                           03DF
        TB0CCR6_L                           03DE
ports ( C:\Users\Stuart\Desktop\ECE 306\Project 10\Debug\Obj\ports.r43 )
        _A_PAOUT_L                          NOT NEEDED
        _A_PADIR_L                          0204
        _A_PASEL0_L                         020A
        _A_PASEL1_L                         020C
        _A_PBOUT_L                          NOT NEEDED
        _A_PBDIR_L                          0224
        _A_PBSEL0_L                         022A
        _A_PBSEL1_L                         022C
        _A_PBIES_L                          0238
        _A_PBIE_L                           NOT NEEDED
        _A_PBIFG_L                          NOT NEEDED
        _A_PCOUT_L                          NOT NEEDED
        _A_PCDIR_L                          0244
        _A_PCREN_L                          0246
        _A_PCSEL0_L                         024A
        _A_PCSEL1_L                         024C
        _A_PCIES_L                          0258
        _A_PCIE_L                           NOT NEEDED
        _A_PCIFG_L                          NOT NEEDED
        _A_PDOUT_L                          NOT NEEDED
        _A_PDDIR_L                          0264
        _A_PDSEL0_L                         026A
        _A_PDSEL1_L                         026C
        _A_PJOUT_L                          0322
        _A_PJDIR_L                          0324
        _A_PJSEL0_L                         032A
        _A_PJSEL1_L                         032C
        _A_PM5CTL0_L                        0130
        Init_Ports                          5AA8
        Init_Port1                          54D2
        Init_Port2                          554C
        Init_Port3                          5314
        Init_Port4                          51CE
        Init_Port5                          50EC
        Init_Port6                          53AE
        Init_Port7                          5448
        Init_Port8                          5770
        Init_PortJ                          5800
        ?setjmp_save_r4                     NOT NEEDED
        ?setjmp_save_r5                     NOT NEEDED
        PAOUT                               0202
        PAOUT_H                             0203
        PAOUT_L                             0202
        PADIR                               0204
        PADIR_H                             0205
        PADIR_L                             0204
        PASEL0                              020A
        PASEL0_H                            020B
        PASEL0_L                            020A
        PASEL1                              020C
        PASEL1_H                            020D
        PASEL1_L                            020C
        PBOUT                               0222
        PBOUT_H                             0223
        PBOUT_L                             0222
        PBDIR                               0224
        PBDIR_H                             0225
        PBDIR_L                             0224
        PBSEL0                              022A
        PBSEL0_H                            022B
        PBSEL0_L                            022A
        PBSEL1                              022C
        PBSEL1_H                            022D
        PBSEL1_L                            022C
        PBIES                               0238
        PBIES_H                             0239
        PBIES_L                             0238
        PBIE                                023A
        PBIE_H                              023B
        PBIE_L                              023A
        PBIFG                               023C
        PBIFG_H                             023D
        PBIFG_L                             023C
        PCOUT                               0242
        PCOUT_H                             0243
        PCOUT_L                             0242
        PCDIR                               0244
        PCDIR_H                             0245
        PCDIR_L                             0244
        PCREN                               0246
        PCREN_H                             0247
        PCREN_L                             0246
        PCSEL0                              024A
        PCSEL0_H                            024B
        PCSEL0_L                            024A
        PCSEL1                              024C
        PCSEL1_H                            024D
        PCSEL1_L                            024C
        PCIES                               0258
        PCIES_H                             0259
        PCIES_L                             0258
        PCIE                                025A
        PCIE_H                              025B
        PCIE_L                              025A
        PCIFG                               025C
        PCIFG_H                             025D
        PCIFG_L                             025C
        PDOUT                               0262
        PDOUT_H                             0263
        PDOUT_L                             0262
        PDDIR                               0264
        PDDIR_H                             0265
        PDDIR_L                             0264
        PDSEL0                              026A
        PDSEL0_H                            026B
        PDSEL0_L                            026A
        PDSEL1                              026C
        PDSEL1_H                            026D
        PDSEL1_L                            026C
        PJOUT                               0322
        PJOUT_H                             0323
        PJOUT_L                             0322
        PJDIR                               0324
        PJDIR_H                             0325
        PJDIR_L                             0324
        PJSEL0                              032A
        PJSEL0_H                            032B
        PJSEL0_L                            032A
        PJSEL1                              032C
        PJSEL1_H                            032D
        PJSEL1_L                            032C
        PM5CTL0                             0130
        PM5CTL0_H                           0131
        PM5CTL0_L                           0130
receive ( C:\Users\Stuart\Desktop\ECE 306\Project 10\Debug\Obj\receive.r43 )
        ?setjmp_save_r4                     NOT NEEDED
        ?setjmp_save_r5                     NOT NEEDED
serial ( C:\Users\Stuart\Desktop\ECE 306\Project 10\Debug\Obj\serial.r43 )
        _A_UCA0CTLW0_L                      05C0
        _A_UCA0BRW_L                        05C6
        _A_UCA0MCTLW_L                      05C8
        _A_UCA0TXBUF_L                      05CE
        _A_UCA0IE_L                         05DA
        _A_UCA0IFG_L                        05DC
        _A_UCA3CTLW0_L                      0620
        _A_UCA3BRW_L                        0626
        _A_UCA3MCTLW_L                      0628
        _A_UCA3TXBUF_L                      062E
        _A_UCA3IE_L                         NOT NEEDED
        _A_UCA3IFG_L                        063C
        USB_Char_Rx0                        1CDC
        USB_Char_Tx0                        NOT NEEDED
        usb_rx_ring_wr0                     1C90
        usb_rx_ring_rd0                     1C92
        USB_Char_Rx3                        1D1C
        USB_Char_Tx3                        NOT NEEDED
        usb_rx_ring_wr3                     1C94
        usb_rx_ring_rd3                     1C96
        Init_Serial_UCA0                    5720
        Init_Serial_UCA3                    56D0
        out_character3                      5CF6
        out_character0                      5D04
        out_string0                         NOT NEEDED
        out_string3                         5C16
        read_char3                          NOT NEEDED
        read_char0                          NOT NEEDED
        ?setjmp_save_r4                     NOT NEEDED
        ?setjmp_save_r5                     NOT NEEDED
        UCA0CTLW0                           05C0
        UCA0CTLW0_H                         05C1
        UCA0CTLW0_L                         05C0
        UCA0BRW                             05C6
        UCA0BRW_H                           05C7
        UCA0BRW_L                           05C6
        UCA0MCTLW                           05C8
        UCA0MCTLW_H                         05C9
        UCA0MCTLW_L                         05C8
        UCA0TXBUF                           05CE
        UCA0TXBUF_H                         05CF
        UCA0TXBUF_L                         05CE
        UCA0IE                              05DA
        UCA0IE_H                            05DB
        UCA0IE_L                            05DA
        UCA0IFG                             05DC
        UCA0IFG_H                           05DD
        UCA0IFG_L                           05DC
        UCA3CTLW0                           0620
        UCA3CTLW0_H                         0621
        UCA3CTLW0_L                         0620
        UCA3BRW                             0626
        UCA3BRW_H                           0627
        UCA3BRW_L                           0626
        UCA3MCTLW                           0628
        UCA3MCTLW_H                         0629
        UCA3MCTLW_L                         0628
        UCA3TXBUF                           062E
        UCA3TXBUF_H                         062F
        UCA3TXBUF_L                         062E
        UCA3IE                              063A
        UCA3IE_H                            063B
        UCA3IE_L                            063A
        UCA3IFG                             063C
        UCA3IFG_H                           063D
        UCA3IFG_L                           063C
system ( C:\Users\Stuart\Desktop\ECE 306\Project 10\Debug\Obj\system.r43 )
        enable_interrupts                   5D2E
        ?setjmp_save_r4                     NOT NEEDED
        ?setjmp_save_r5                     NOT NEEDED
timers ( C:\Users\Stuart\Desktop\ECE 306\Project 10\Debug\Obj\timers.r43 )
        _A_TA0CTL_L                         0340
        _A_TA0CCTL0_L                       NOT NEEDED
        _A_TA0CCR0_L                        NOT NEEDED
        _A_TA0EX0_L                         0360
        _A_TA1CTL_L                         0380
        _A_TA1CCTL0_L                       NOT NEEDED
        _A_TA1CCR0_L                        NOT NEEDED
        _A_TA1EX0_L                         03A0
        _A_TA2CTL_L                         0400
        _A_TA2CCTL0_L                       0402
        _A_TA2CCR0_L                        NOT NEEDED
        _A_TA2EX0_L                         0420
        _A_TA3CTL_L                         0440
        _A_TA3CCTL0_L                       NOT NEEDED
        _A_TA3CCR0_L                        NOT NEEDED
        _A_TA3EX0_L                         0460
        _A_TA4CTL_L                         07C0
        _A_TA4CCTL1_L                       07C4
        _A_TA4CCR0_L                        07D2
        _A_TA4CCR1_L                        NOT NEEDED
        _A_TB0CTL_L                         03C0
        _A_TB0CCTL3_L                       03C8
        _A_TB0CCTL4_L                       03CA
        _A_TB0CCTL5_L                       03CC
        _A_TB0CCTL6_L                       03CE
        _A_TB0CCR0_L                        03D2
        _A_TB0CCR3_L                        NOT NEEDED
        _A_TB0CCR4_L                        NOT NEEDED
        _A_TB0CCR5_L                        NOT NEEDED
        _A_TB0CCR6_L                        NOT NEEDED
        Init_Timers                         5B50
        Init_Timer_A0                       59FA
        Init_Timer_A1                       592C
        Init_Timer_A2                       58F6
        Init_Timer_A3                       59C8
        Init_Timer_A4                       5B12
        Init_Timer_B0                       5842
        Reset_Timer_A2                      5996
        Wait                                58C0
        ?setjmp_save_r4                     NOT NEEDED
        ?setjmp_save_r5                     NOT NEEDED
        TA0CTL                              0340
        TA0CTL_H                            0341
        TA0CTL_L                            0340
        TA0CCTL0                            0342
        TA0CCTL0_H                          0343
        TA0CCTL0_L                          0342
        TA0CCR0                             0352
        TA0CCR0_H                           0353
        TA0CCR0_L                           0352
        TA0EX0                              0360
        TA0EX0_H                            0361
        TA0EX0_L                            0360
        TA1CTL                              0380
        TA1CTL_H                            0381
        TA1CTL_L                            0380
        TA1CCTL0                            0382
        TA1CCTL0_H                          0383
        TA1CCTL0_L                          0382
        TA1CCR0                             0392
        TA1CCR0_H                           0393
        TA1CCR0_L                           0392
        TA1EX0                              03A0
        TA1EX0_H                            03A1
        TA1EX0_L                            03A0
        TA2CTL                              0400
        TA2CTL_H                            0401
        TA2CTL_L                            0400
        TA2CCTL0                            0402
        TA2CCTL0_H                          0403
        TA2CCTL0_L                          0402
        TA2CCR0                             0412
        TA2CCR0_H                           0413
        TA2CCR0_L                           0412
        TA2EX0                              0420
        TA2EX0_H                            0421
        TA2EX0_L                            0420
        TA3CTL                              0440
        TA3CTL_H                            0441
        TA3CTL_L                            0440
        TA3CCTL0                            0442
        TA3CCTL0_H                          0443
        TA3CCTL0_L                          0442
        TA3CCR0                             0452
        TA3CCR0_H                           0453
        TA3CCR0_L                           0452
        TA3EX0                              0460
        TA3EX0_H                            0461
        TA3EX0_L                            0460
        TA4CTL                              07C0
        TA4CTL_H                            07C1
        TA4CTL_L                            07C0
        TA4CCTL1                            07C4
        TA4CCTL1_H                          07C5
        TA4CCTL1_L                          07C4
        TA4CCR0                             07D2
        TA4CCR0_H                           07D3
        TA4CCR0_L                           07D2
        TA4CCR1                             07D4
        TA4CCR1_H                           07D5
        TA4CCR1_L                           07D4
        TB0CTL                              03C0
        TB0CTL_H                            03C1
        TB0CTL_L                            03C0
        TB0CCTL3                            03C8
        TB0CCTL3_H                          03C9
        TB0CCTL3_L                          03C8
        TB0CCTL4                            03CA
        TB0CCTL4_H                          03CB
        TB0CCTL4_L                          03CA
        TB0CCTL5                            03CC
        TB0CCTL5_H                          03CD
        TB0CCTL5_L                          03CC
        TB0CCTL6                            03CE
        TB0CCTL6_H                          03CF
        TB0CCTL6_L                          03CE
        TB0CCR0                             03D2
        TB0CCR0_H                           03D3
        TB0CCR0_L                           03D2
        TB0CCR3                             03D8
        TB0CCR3_H                           03D9
        TB0CCR3_L                           03D8
        TB0CCR4                             03DA
        TB0CCR4_H                           03DB
        TB0CCR4_L                           03DA
        TB0CCR5                             03DC
        TB0CCR5_H                           03DD
        TB0CCR5_L                           03DC
        TB0CCR6                             03DE
        TB0CCR6_H                           03DF
        TB0CCR6_L                           03DE
?abort ( C:\Program Files (x86)\IAR Systems\Embedded Workbench 8.0\430\lib\dlib\dl430xlsfn.r43 )
        abort                               NOT NEEDED
?__dbg_break ( C:\Program Files (x86)\IAR Systems\Embedded Workbench 8.0\430\lib\dlib\dl430xlsfn.r43 )
        __DebugBreak                        5D46
?__dwrite ( C:\Program Files (x86)\IAR Systems\Embedded Workbench 8.0\430\lib\dlib\dl430xlsfn.r43 )
        __dwrite                            NOT NEEDED
?__exit ( C:\Program Files (x86)\IAR Systems\Embedded Workbench 8.0\430\lib\dlib\dl430xlsfn.r43 )
        __exit                              5C52
?__write ( C:\Program Files (x86)\IAR Systems\Embedded Workbench 8.0\430\lib\dlib\dl430xlsfn.r43 )
        __write                             NOT NEEDED
?_exit ( C:\Program Files (x86)\IAR Systems\Embedded Workbench 8.0\430\lib\dlib\dl430xlsfn.r43 )
        _exit                               5D3E
        __cstart_call_dtors                 NOT NEEDED
        __cstart_closeall                   NOT NEEDED
        __cstart_clearlocks                 NOT NEEDED
?cppinit ( C:\Program Files (x86)\IAR Systems\Embedded Workbench 8.0\430\lib\dlib\dl430xlsfn.r43 )
        __call_ctors                        NOT NEEDED
        __alloc_record_needed_destruction   NOT NEEDED
        __record_needed_destruction         NOT NEEDED
        __call_dtors                        NOT NEEDED
        __data16_vec_cctor                  NOT NEEDED
?cstart ( C:\Program Files (x86)\IAR Systems\Embedded Workbench 8.0\430\lib\dlib\dl430xlsfn.r43 )
        __program_start                     41AC
        ?cstart_begin                       41AC
        ?cstart_call_mpu_init               NOT NEEDED
        ?cstart_call_frwp_init              NOT NEEDED
        ?cstart_call_low_level_init         NOT NEEDED
        ?cstart_init_copy_ramfunc           NOT NEEDED
        ?cstart_init_zero                   41B0
        ?cstart_init_copy                   41BC
        ?cstart_init_zero20                 NOT NEEDED
        ?cstart_init_copy20                 NOT NEEDED
        __cstart_init_tls                   NOT NEEDED
        ?cstart_call_ctors                  NOT NEEDED
        ?cstart_call_main                   41CC
        ?cstart_end                         41D4
lowinit ( C:\Program Files (x86)\IAR Systems\Embedded Workbench 8.0\430\lib\dlib\dl430xlsfn.r43 )
        __low_level_init                    NOT NEEDED
?reset_vector ( C:\Program Files (x86)\IAR Systems\Embedded Workbench 8.0\430\lib\dlib\dl430xlsfn.r43 )
        ?reset_vector                       FFFE
?exit ( C:\Program Files (x86)\IAR Systems\Embedded Workbench 8.0\430\lib\dlib\dl430xlsfn.r43 )
        exit                                5D42
?FrwpInit ( C:\Program Files (x86)\IAR Systems\Embedded Workbench 8.0\430\lib\dlib\dl430xlsfn.r43 )
        __iar_430_frwp_init                 NOT NEEDED
?malloc ( C:\Program Files (x86)\IAR Systems\Embedded Workbench 8.0\430\lib\dlib\dl430xlsfn.r43 )
        malloc                              NOT NEEDED
?DivMod816u ( C:\Program Files (x86)\IAR Systems\Embedded Workbench 8.0\430\lib\dlib\dl430xlsfn.r43 )
        ?DivMod8u                           NOT NEEDED
        ?DivMod16u                          5B68
?DivMod816s ( C:\Program Files (x86)\IAR Systems\Embedded Workbench 8.0\430\lib\dlib\dl430xlsfn.r43 )
        ?DivMod8s                           NOT NEEDED
        ?DivMod16s                          5A2C
?memcpy ( C:\Program Files (x86)\IAR Systems\Embedded Workbench 8.0\430\lib\dlib\dl430xlsfn.r43 )
        memcpy                              5CC4
?memmove ( C:\Program Files (x86)\IAR Systems\Embedded Workbench 8.0\430\lib\dlib\dl430xlsfn.r43 )
        memmove                             NOT NEEDED
?memzero ( C:\Program Files (x86)\IAR Systems\Embedded Workbench 8.0\430\lib\dlib\dl430xlsfn.r43 )
        __data16_memzero                    5CD6
        __data16_memcpy                     5D3A
        __data16_memmove                    NOT NEEDED
?MpuInit ( C:\Program Files (x86)\IAR Systems\Embedded Workbench 8.0\430\lib\dlib\dl430xlsfn.r43 )
        __iar_430_mpu_init                  NOT NEEDED
        ?mpu1_4k_init                       NOT NEEDED
        ?mpu1_8k_init                       NOT NEEDED
        ?mpu1_16k_init                      NOT NEEDED
        ?mpu2_init                          NOT NEEDED
?setjmp ( C:\Program Files (x86)\IAR Systems\Embedded Workbench 8.0\430\lib\dlib\dl430xlsfn.r43 )
        setjmp                              NOT NEEDED
        ?setjmp_r5                          NOT NEEDED
        ?setjmp_r4                          NOT NEEDED
        ?setjmp_end                         NOT NEEDED
?longjmp ( C:\Program Files (x86)\IAR Systems\Embedded Workbench 8.0\430\lib\dlib\dl430xlsfn.r43 )
        longjmp                             NOT NEEDED
        ?longjmp_r5                         NOT NEEDED
        ?longjmp_r4                         NOT NEEDED
        ?longjmp_end                        NOT NEEDED
?IndCallR11 ( C:\Program Files (x86)\IAR Systems\Embedded Workbench 8.0\430\lib\dlib\dl430xlsfn.r43 )
        ?IndCallR11                         NOT NEEDED
?IndCallR15 ( C:\Program Files (x86)\IAR Systems\Embedded Workbench 8.0\430\lib\dlib\dl430xlsfn.r43 )
        ?IndCallR15                         NOT NEEDED
?strcpy ( C:\Program Files (x86)\IAR Systems\Embedded Workbench 8.0\430\lib\dlib\dl430xlsfn.r43 )
        strcpy                              5CE6
?strstr ( C:\Program Files (x86)\IAR Systems\Embedded Workbench 8.0\430\lib\dlib\dl430xlsfn.r43 )
        strstr                              NOT NEEDED
        __iar_Strstr                        5962
?xcloseall ( C:\Program Files (x86)\IAR Systems\Embedded Workbench 8.0\430\lib\dlib\dl430xlsfn.r43 )
        _Close_all                          NOT NEEDED
?xgetmemchunk ( C:\Program Files (x86)\IAR Systems\Embedded Workbench 8.0\430\lib\dlib\dl430xlsfn.r43 )
        __data16_GetMemChunk                NOT NEEDED
?xxmemxfree ( C:\Program Files (x86)\IAR Systems\Embedded Workbench 8.0\430\lib\dlib\dl430xlsfn.r43 )
        __data16_free                       NOT NEEDED
?xxmemxmalloc ( C:\Program Files (x86)\IAR Systems\Embedded Workbench 8.0\430\lib\dlib\dl430xlsfn.r43 )
        __data16_Aldata                     NOT NEEDED
        __data16_malloc                     NOT NEEDED
        __data16_findmem                     LOCAL, NOT NEEDED


                ****************************************
                *                                      *
                *            MODULE SUMMARY            *
                *                                      *
                ****************************************

Module               CODE      DATA      CONST
------               ----      ----      -----
                    (Rel)  (Rel)  (Abs)  (Rel)
?DivMod816s            48
?DivMod816u            24
?__dbg_break            2
?__exit                20
?_exit                  4
?cstart                40
?exit                   4
?memcpy                18
?memzero               20
?reset_vector           2
?strcpy                16
?strstr                52
LCD                   646     56     12
  + shared                            2
adc                   244            16
clocks                 90            16
convert               636     30
init                   86
interrupts_adc        108      6      8
  + common             94
interrupts_ports      506     20             4
  + shared             68            20
  + common
interrupts_serial     738     54      8     48
  + shared             18             2
  + common             98
interrupts_timers   1 246     21           373
  + shared             92            12
  + common
led                    10
  + shared                            2
main                   90      8
movement              106
  + shared                            4
navigate              386     16             2
ports               1 262            40
serial                208    136     22
system                  6
timers                434            36
N/A (command line)           160
N/A (alignment)
----------          -----    ---    ---    ---
Total:              7 070    507    200    427
  + common             98


                ****************************************
                *                                      *
                *      SEGMENTS IN ADDRESS ORDER       *
                *                                      *
                ****************************************


SEGMENT              SPACE    START ADDRESS   END ADDRESS     SIZE  TYPE  ALIGN
=======              =====    =============   ===========     ====  ====  =====
DATA16_AN                              0102 - 0103               2   rel    0
                                       0130 - 0131               2 
                                       015C - 015D               2 
                                       0160 - 016B               C 
                                       0202 - 0205               4 
                                       020A - 020D               4 
                                       0222 - 0225               4 
                                       022A - 022D               4 
                                       0238 - 023D               6 
                                       0242 - 0247               6 
                                       024A - 024D               4 
                                       0258 - 025D               6 
                                       0262 - 0265               4 
                                       026A - 026D               4 
                                       0322 - 0325               4 
                                       032A - 032D               4 
                                       0340 - 0343               4 
                                       0346 - 0347               2 
                                       0352 - 0353               2 
                                       0356 - 0357               2 
                                       0360 - 0361               2 
                                       0380 - 0383               4 
                                       0392 - 0393               2 
                                       03A0 - 03A1               2 
                                       03C0 - 03C1               2 
                                       03C8 - 03CF               8 
                                       03D2 - 03D3               2 
                                       03D8 - 03DF               8 
                                       0400 - 0403               4 
                                       0412 - 0413               2 
                                       0420 - 0421               2 
                                       0440 - 0443               4 
                                       0452 - 0453               2 
                                       0460 - 0461               2 
                                       05C0 - 05C1               2 
                                       05C6 - 05C9               4 
                                       05CC - 05CF               4 
                                       05DA - 05DF               6 
                                       0620 - 0621               2 
                                       0626 - 0629               4 
                                       062C - 062F               4 
                                       063A - 063F               6 
                                       0680 - 0681               2 
                                       0686 - 0687               2 
                                       068E - 068F               2 
                                       06AC - 06AD               2 
                                       07C0 - 07C1               2 
                                       07C4 - 07C5               2 
                                       07D2 - 07D5               4 
                                       0800 - 0807               8 
                                       0812 - 0813               2 
                                       0818 - 0819               2 
                                       0820 - 0825               6 
                                       0860 - 0865               6 
DATA16_I                               1C00 - 1C26              27   rel    1
DATA16_Z                               1C28 - 1D5B             134   rel    1
DATA20_I                                  1D5C                       rel    1
DATA20_Z                                  1D5C                       rel    1
DATA20_N                                  1D5C                       rel    1
CODE_I                                    1D5C                       rel    1
CSTACK                                 2B60 - 2BFF              A0   rel    1
DATA16_C                               4000 - 4183             184   rel    0
DATA16_ID                              4184 - 41AA              27   rel    1
CSTART                                 41AC - 41D3              28   rel    1
ISR_CODE                               41D4 - 4BF9             A26   rel    1
<CODE> 1                               4BFA - 5D47            114E   rel    1
DATA20_ID                                 5D48                       rel    1
DATA20_C                                  5D48                       rel    1
CODE_ID                                   5D48                       rel    1
INTVEC                                 FF90 - FFF1              62   com    1
RESET                                  FFFE - FFFF               2   rel    1

                ****************************************
                *                                      *
                *        END OF CROSS REFERENCE        *
                *                                      *
                ****************************************

 7 168 bytes of CODE  memory
   507 bytes of DATA  memory (+ 200 absolute )
   427 bytes of CONST memory

Errors: none
Warnings: none

